// Jest Snapshot v1, https://goo.gl/fbAQLP

exports[`renders correctly 1`] = `
<DocumentFragment>
  .c0 {
  margin: 0.25em 0.5em;
  word-wrap: break-word;
}

.c1:hover {
  cursor: pointer;
}

<div
    class="container col-11 col-lg-8 justify-content-center my-5 bg-dark rounded p-2"
  >
    <div
      class="c0 mx-auto input-group"
    >
      <div
        class="input-group-prepend"
      >
        <span
          class="input-group-text"
        >
          Public Key (PK)
        </span>
      </div>
      <textarea
        aria-label="publicKey"
        class="rounded-right form-control"
        readonly=""
        rows="3"
      >
        3059301306072a8648ce3d020106082a8648ce3d030107034200048fa7d69599babb
      </textarea>
      <div
        class="valid-feedback"
      >
        Copied to clipboard!
      </div>
    </div>
    <div
      class="c0 mx-auto input-group"
    >
      <div
        class="input-group-prepend"
      >
        <span
          class="input-group-text"
        >
          Private Key (SK)
        </span>
      </div>
      <textarea
        aria-label="privateKey"
        class="form-control"
        readonly=""
        rows="3"
      >
        ◦◦◦◦◦◦◦◦◦◦◦◦◦◦◦◦◦◦◦◦◦◦◦◦◦◦◦◦◦◦◦◦◦◦◦◦◦◦◦◦◦◦◦◦◦◦◦◦◦◦◦◦◦◦◦◦◦◦◦◦◦◦◦◦◦◦◦◦◦◦◦◦◦◦◦◦◦◦◦◦◦◦◦◦◦◦◦◦◦◦◦◦◦◦
      </textarea>
      <div
        class="input-group-append"
      >
        <span
          class="rounded-right input-group-text"
        >
          <span
            aria-label="Key Reveal Eye"
            class="c1"
            role="img"
          >
            <svg
              fill="currentColor"
              height="1em"
              viewBox="0 0 16 16"
              width="1em"
              xmlns="http://www.w3.org/2000/svg"
            >
              <path
                d="M10.5 8a2.5 2.5 0 1 1-5 0 2.5 2.5 0 0 1 5 0z"
              />
              <path
                d="M0 8s3-5.5 8-5.5S16 8 16 8s-3 5.5-8 5.5S0 8 0 8zm8 3.5a3.5 3.5 0 1 0 0-7 3.5 3.5 0 0 0 0 7z"
              />
            </svg>
             
          </span>
        </span>
      </div>
      <div
        class="valid-feedback"
      >
        Copied to clipboard!
      </div>
    </div>
  </div>
</DocumentFragment>
`;
