// Jest Snapshot v1, https://goo.gl/fbAQLP

exports[`renders correctly 1`] = `
<DocumentFragment>
  <div
    class="container-fluid mb-2"
  >
    <h3
      class="font-weight-bold"
    >
      Users
    </h3>
    <div
      class="row flex-nowrap overflow-auto bg-dark mx-1 px-2 rounded"
    >
      <form
        class="user-item rounded flex-shrink-0"
      >
        <div
          class="input-group"
        >
          <div
            class="input-group-prepend"
          >
            <span
              class="input-group-text"
            >
              ðŸ”‘
            </span>
          </div>
          <input
            aria-label="User Public Key"
            class="text-truncate rounded-right form-control"
            readonly=""
            type="text"
            value="3059301306072a8648ce3d020106082a8648ce3d030107034200048fa7d69599babb"
          />
          <div
            class="valid-feedback"
          >
            Copied to clipboard
          </div>
        </div>
        <div
          class="mt-2 input-group"
        >
          <input
            aria-label="balance"
            class="form-control"
            disabled=""
            type="number"
            value="1000"
          />
          <div
            class="input-group-append"
          >
            <span
              class="input-group-text"
            >
              LC
            </span>
          </div>
        </div>
      </form>
    </div>
  </div>
</DocumentFragment>
`;
